gcc -g p7final.c
îº§ gdb a.out
GNU gdb (Ubuntu 8.1.1-0ubuntu1) 8.1.1
Copyright (C) 2018 Free Software Foundation, Inc.
License GPLv3+: GNU GPL version 3 or later <http://gnu.org/licenses/gpl.html>
This is free software: you are free to change and redistribute it.
There is NO WARRANTY, to the extent permitted by law.  Type "show copying"
and "show warranty" for details.
This GDB was configured as "x86_64-linux-gnu".
Type "show configuration" for configuration details.
For bug reporting instructions, please see:
<http://www.gnu.org/software/gdb/bugs/>.
Find the GDB manual and other documentation resources online at:
<http://www.gnu.org/software/gdb/documentation/>.
For help, type "help".
Type "apropos word" to search for commands related to "word"...
Reading symbols from a.out...done.
(gdb) b main
Breakpoint 1 at 0x87c: file p7final.c, line 28.
(gdb) r
Starting program: /home/runner/pps-IA1-practice-3/a.out 
warning: Error disabling address space randomization: Operation not permitted

Breakpoint 1, main () at p7final.c:28
28    a=input_complex();
(gdb) s
input_complex () at p7final.c:8
8   {
(gdb) n
10    printf("enter the complex number:\n");
(gdb) n
enter the complex number:
11    scanf("%f %f",&a.real,&a.imaginary);
(gdb) n
4 
5
12    return a;
(gdb) n
13  }
(gdb) n
main () at p7final.c:29
29    b=input_complex();
(gdb) s
input_complex () at p7final.c:8
8   {
(gdb) n
10    printf("enter the complex number:\n");
(gdb) n
enter the complex number:
11    scanf("%f %f",&a.real,&a.imaginary);
(gdb) n

7
8
12    return a;
(gdb) n
13  }
(gdb) n
main () at p7final.c:30
30    sum=add(a,b);
(gdb) s
add (a=..., b=...) at p7final.c:17
17    c.real=a.real+b.real;
(gdb) n
18    c.imaginary=a.imaginary+b.imaginary;
(gdb) n
19    return c;
(gdb) n
20  }
(gdb) n
main () at p7final.c:31
31    output(a,b,sum);
(gdb) s
output (a=..., b=..., c=...) at p7final.c:23
23    printf("%0.0f+%0.0fi + %0.0f+%0.0fi is %0.0f+%0.0fi\n",a.real,a.imaginary,b.real,b.imaginary,c.real,c.imaginary);
(gdb) n
4+5i + 7+8i is 11+13i
24  }
(gdb) n
main () at p7final.c:32
32    return 0;
(gdb) n
33  }
(gdb) c
Continuing.
[Inferior 1 (process 275) exited normally]
(gdb) 